// Jest Snapshot v1, https://goo.gl/fbAQLP

exports[`DetailCard matches snapshot 1`] = `
<View
  accessibilityState={
    {
      "busy": undefined,
      "checked": undefined,
      "disabled": undefined,
      "expanded": undefined,
      "selected": undefined,
    }
  }
  accessibilityValue={
    {
      "max": undefined,
      "min": undefined,
      "now": undefined,
      "text": undefined,
    }
  }
  accessible={true}
  className="data-[focus-visible=true]:outline-none data-[focus-visible=true]:ring-indicator-info data-[focus-visible=true]:ring-2 data-[disabled=true]:opacity-40"
  collapsable={false}
  dataSet={
    {
      "active": "false",
      "disabled": "false",
      "focus": "false",
      "focusVisible": "false",
      "hover": "false",
    }
  }
  focusable={true}
  onBlur={[Function]}
  onClick={[Function]}
  onFocus={[Function]}
  onResponderGrant={[Function]}
  onResponderMove={[Function]}
  onResponderRelease={[Function]}
  onResponderTerminate={[Function]}
  onResponderTerminationRequest={[Function]}
  onStartShouldSetResponder={[Function]}
  states={
    {
      "active": false,
      "disabled": undefined,
      "focus": false,
      "focusVisible": false,
      "hover": false,
    }
  }
>
  <ViewManagerAdapter_ExpoLinearGradient
    colors={
      [
        4289243304,
        4294967295,
      ]
    }
    endPoint={
      [
        0,
        1.1102230246251565e-16,
      ]
    }
    locations={
      [
        0,
        1,
      ]
    }
    startPoint={
      [
        1,
        0.9999999999999999,
      ]
    }
  >
    <View
      className="w-full h-64 items-center justify-center"
    >
      <Image
        alt=""
        aria-label=""
        className="max-w-full h-64 w-64"
        height={100}
        role="img"
        source={
          {
            "uri": "",
          }
        }
        width={100}
      />
    </View>
    <View
      className="h-4"
    />
    <View
      className="flex-col gap-3 p-4"
    >
      <Text
        accessibilityRole="header"
        style={
          {
            "fontSize": 26.56,
            "fontWeight": "bold",
            "marginVertical": 53.44,
          }
        }
      />
      <Text
        className="text-typography-700 font-body text-sm"
      />
    </View>
    <View
      className="h-4"
    />
  </ViewManagerAdapter_ExpoLinearGradient>
</View>
`;
